F:/STM32/Projects/TouchGFXProjects/LED_Control/LED_Control/Core/Src/main.c:762:6:StartDefaultTask	1
F:/STM32/Projects/TouchGFXProjects/LED_Control/LED_Control/Core/Src/main.c:241:6:SystemClock_Config	1
F:/STM32/Projects/TouchGFXProjects/LED_Control/LED_Control/Core/Src/main.c:693:6:GetManufacturerId	1
F:/STM32/Projects/TouchGFXProjects/LED_Control/LED_Control/Core/Src/main.c:723:6:EnableMemoryMappedMode	1
F:/STM32/Projects/TouchGFXProjects/LED_Control/LED_Control/Core/Src/main.c:134:5:main	3
F:/STM32/Projects/TouchGFXProjects/LED_Control/LED_Control/Core/Src/main.c:818:6:HAL_TIM_PeriodElapsedCallback	2
F:/STM32/Projects/TouchGFXProjects/LED_Control/LED_Control/Core/Src/main.c:836:6:Error_Handler	1
